#-----------------------------------------------------------
# Vivado v2025.1 (64-bit)
# SW Build 6140274 on Wed May 21 22:58:25 MDT 2025
# IP Build 6138677 on Thu May 22 03:10:11 MDT 2025
# SharedData Build 6139179 on Tue May 20 17:58:58 MDT 2025
# Start of session at: Fri Jan 30 21:38:32 2026
# Process ID         : 1974721
# Current directory  : /home/rt7/Desktop/RiscV-CS/rv32i_single_cycle/rv32i_single_cycle.runs/impl_1
# Command line       : vivado -log alu.vdi -applog -product Vivado -messageDb vivado.pb -mode batch -source alu.tcl -notrace
# Log file           : /home/rt7/Desktop/RiscV-CS/rv32i_single_cycle/rv32i_single_cycle.runs/impl_1/alu.vdi
# Journal file       : /home/rt7/Desktop/RiscV-CS/rv32i_single_cycle/rv32i_single_cycle.runs/impl_1/vivado.jou
# Running On         : rt7-desktop1
# Platform           : Ubuntu
# Operating System   : Ubuntu 24.04.3 LTS
# Processor Detail   : AMD Ryzen 9 7950X 16-Core Processor
# CPU Frequency      : 5418.740 MHz
# CPU Physical cores : 16
# CPU Logical cores  : 32
# Host memory        : 66418 MB
# Swap memory        : 8589 MB
# Total Virtual      : 75007 MB
# Available Virtual  : 61103 MB
#-----------------------------------------------------------
source alu.tcl -notrace
